------------------------------------------------------------
Timing Analyzer Summary
------------------------------------------------------------

Type  : Slow 1100mV 100C Model Setup 'clk'
Slack : 15.226
TNS   : 0.000

Type  : Slow 1100mV 100C Model Hold 'clk'
Slack : 0.517
TNS   : 0.000

Type  : Slow 1100mV 100C Model Minimum Pulse Width 'clk'
Slack : 8.732
TNS   : 0.000

Type  : Slow 1100mV -40C Model Setup 'clk'
Slack : 14.931
TNS   : 0.000

Type  : Slow 1100mV -40C Model Hold 'clk'
Slack : 0.492
TNS   : 0.000

Type  : Slow 1100mV -40C Model Minimum Pulse Width 'clk'
Slack : 8.752
TNS   : 0.000

Type  : Fast 1100mV 100C Model Setup 'clk'
Slack : 17.134
TNS   : 0.000

Type  : Fast 1100mV 100C Model Hold 'clk'
Slack : 0.200
TNS   : 0.000

Type  : Fast 1100mV 100C Model Minimum Pulse Width 'clk'
Slack : 8.736
TNS   : 0.000

Type  : Fast 1100mV -40C Model Setup 'clk'
Slack : 17.392
TNS   : 0.000

Type  : Fast 1100mV -40C Model Hold 'clk'
Slack : 0.185
TNS   : 0.000

Type  : Fast 1100mV -40C Model Minimum Pulse Width 'clk'
Slack : 8.713
TNS   : 0.000

------------------------------------------------------------
